wwwwwwwwwwwwwwwwwwwwwwwwwwwwwwwwwwwww
wwwwwwwwwwwwwwwwwrrwwwwwwwwwwwwwwwwww
wwwwwwwwwwwwwwwwwsqwwwwwwwwwwwwwwwwww
wwwwwwwwwwwwwwwwwWWwwwwwwwwwwwwwwwwww
wwwwwwwwwwwwwwwwb..bwwwwwwwwwwwwwwwww
wwwwwwwwwwwwwwwbb..bbwwwwwwwwwwwwwwww
wwwwwwwwwwwwwww......wwwwwwwwwwwwwwww
wbsbbrbw.sbbrbw......wsq.brwbbbbbbbbw
wbqbbpbW.qbbrbw......wbb.brwb.....Pbw
wP.....W.....bw......wbb.bbw..bbbb.bw
w......wsq...bw......wsr...W..bbbb.bw
w......wbb...bw......wqp...W..bbbb.bw
wsb..brwbb....w......wbb.bbwb.bbbb.bw
wqb..brwrp....W......W...bswb.bbbb.bw
wwwwWwww......W......W...bqwb......bw
wbbbWbbw....rrw......wwWwwwwbbbbWWwww
w...........bbw......wb..swwwwwwWWwww
w...........bbw......wb..qwsqbbb..rrw
wbbbWbbwbb..sqw......wwwwwwbb.....bbw
wwwwWwwwwwwwwww...........wbb.....bbw
wbbb...W...W..w...........wrpbbbWWsqw
wbrr..bws.rw..w......wwwwwwwwwwwWWwww
w......wq.pw..W......wbbbbwrrwb....bw
w......w...w..w......wb..bw..w..bb..w
w.....bw...wrbw..........bw..w.bbbb.w
wq....bw...wrbw......wsq..w..W.bbbb.w
wsb....wwwwwwwwwwWWwwwwwwwwwww.bbbb.w
wbbP..bws.......b..b........rw.bbbbPw
wbb..bbwq.......b..b........rwb.bb.bw
wwwwwwwwwwwwwwwwwwwwwwwwwwwwwwwwwwwww
